============================= test session starts ==============================
platform linux -- Python 3.13.13, pytest-9.0.3, pluggy-1.6.0 -- /home/flybo/miniconda3/bin/python3
cachedir: .pytest_cache
rootdir: /home/flybo/clawsjoy_v5/tests
configfile: pytest.ini
plugins: cov-7.1.0, langsmith-0.8.5, anyio-4.12.1
collecting ... collected 44 items

tests/integration/test_api.py::TestAPI::test_health_endpoint ERROR       [  2%]
tests/integration/test_api.py::TestAPI::test_skills_list ERROR           [  4%]
tests/integration/test_api.py::TestAPI::test_agents_list ERROR           [  6%]
tests/integration/test_api.py::TestAPI::test_enhanced_chat_greeting ERROR [  9%]
tests/integration/test_api.py::TestAPI::test_enhanced_chat_code ERROR    [ 11%]

==================================== ERRORS ====================================
________________ ERROR at setup of TestAPI.test_health_endpoint ________________
tests/conftest.py:13: in app
    from agent_gateway_enhanced import app
E     File "/home/flybo/clawsjoy_v5/agent_gateway_enhanced.py", line 344
E       import requests
E   SyntaxError: expected 'except' or 'finally' block
__________________ ERROR at setup of TestAPI.test_skills_list __________________
tests/conftest.py:13: in app
    from agent_gateway_enhanced import app
E     File "/home/flybo/clawsjoy_v5/agent_gateway_enhanced.py", line 344
E       import requests
E   SyntaxError: expected 'except' or 'finally' block
__________________ ERROR at setup of TestAPI.test_agents_list __________________
tests/conftest.py:13: in app
    from agent_gateway_enhanced import app
E     File "/home/flybo/clawsjoy_v5/agent_gateway_enhanced.py", line 344
E       import requests
E   SyntaxError: expected 'except' or 'finally' block
____________ ERROR at setup of TestAPI.test_enhanced_chat_greeting _____________
tests/conftest.py:13: in app
    from agent_gateway_enhanced import app
E     File "/home/flybo/clawsjoy_v5/agent_gateway_enhanced.py", line 344
E       import requests
E   SyntaxError: expected 'except' or 'finally' block
______________ ERROR at setup of TestAPI.test_enhanced_chat_code _______________
tests/conftest.py:13: in app
    from agent_gateway_enhanced import app
E     File "/home/flybo/clawsjoy_v5/agent_gateway_enhanced.py", line 344
E       import requests
E   SyntaxError: expected 'except' or 'finally' block
=============================== warnings summary ===============================
tests/agents/test_agent_001.py:13
  /home/flybo/clawsjoy_v5/tests/agents/test_agent_001.py:13: PytestCollectionWarning: cannot collect test class 'TestAgent001' because it has a __init__ constructor (from: agents/test_agent_001.py)
    class TestAgent001(SmartAgent):

-- Docs: https://docs.pytest.org/en/stable/how-to/capture-warnings.html
=========================== short test summary info ============================
ERROR tests/integration/test_api.py::TestAPI::test_health_endpoint -   File "/home/flybo/clawsjoy_v5/agent_gateway_enhanced.py", line 344
    import requests
SyntaxError: expected 'except' or 'finally' block
ERROR tests/integration/test_api.py::TestAPI::test_skills_list -   File "/home/flybo/clawsjoy_v5/agent_gateway_enhanced.py", line 344
    import requests
SyntaxError: expected 'except' or 'finally' block
ERROR tests/integration/test_api.py::TestAPI::test_agents_list -   File "/home/flybo/clawsjoy_v5/agent_gateway_enhanced.py", line 344
    import requests
SyntaxError: expected 'except' or 'finally' block
ERROR tests/integration/test_api.py::TestAPI::test_enhanced_chat_greeting -   File "/home/flybo/clawsjoy_v5/agent_gateway_enhanced.py", line 344
    import requests
SyntaxError: expected 'except' or 'finally' block
ERROR tests/integration/test_api.py::TestAPI::test_enhanced_chat_code -   File "/home/flybo/clawsjoy_v5/agent_gateway_enhanced.py", line 344
    import requests
SyntaxError: expected 'except' or 'finally' block
!!!!!!!!!!!!!!!!!!!!!!!!!! stopping after 5 failures !!!!!!!!!!!!!!!!!!!!!!!!!!!
========================= 1 warning, 5 errors in 4.65s =========================
